
[1;36m╔══════════════════════════════════════════════════════════╗[0m
[1;36m║[0m [1;34mDry Run: Publishing Lykn Crates[0m                          [1;36m║[0m
[1;36m╚══════════════════════════════════════════════════════════╝[0m

[1;34mPublishing order (in dependency order):[0m
  [1;33m1.[0m lykn-lang
  [1;33m2.[0m lykn-cli
  [1;33m3.[0m lykn

[1;34mVerifying each crate can be published with cargo dry-run...[0m

[1;36m• Dry-running lykn-lang publish...[0m
  [1;32m✓[0m lykn-lang publish dry-run passed

[1;36m• Dry-running lykn-cli publish...[0m
  [1;31m✗[0m lykn-cli publish dry-run failed
    Updating crates.io index
   Packaging lykn-cli v0.6.0 (/Users/oubiwann/lab/lykn/lang/.worktrees/0.6.x/crates/lykn-cli)
    Updating crates.io index
error: failed to prepare local package for uploading

Caused by:
  failed to select a version for the requirement `lykn-lang = "^0.6.0"`
  candidate versions found which didn't match: 0.5.2, 0.5.1, 0.5.0, ...
  location searched: crates.io index
  required by package `lykn-cli v0.6.0 (/Users/oubiwann/lab/lykn/lang/.worktrees/0.6.x/crates/lykn-cli)`
make: *** [publish-dry-run] Error 1
