## browser
deno: @lykn/browser 0.6.0
npm: @lykn/browser 0.6.0
files (11):
  .build-stamp
  LICENSE
  README.md
  compiler.d.ts
  compiler.js
  deno.json
  mod.d.ts
  mod.js
  package.json
  scripts.d.ts
  scripts.js
## lang
deno: @lykn/lang 0.6.0
npm: @lykn/lang 0.6.0
files (31):
  .build-stamp
  LICENSE
  README.md
  binding.d.ts
  binding.js
  classifier.d.ts
  classifier.js
  compiler.d.ts
  compiler.js
  deno.json
  expander.d.ts
  expander.js
  icu-parser.d.ts
  icu-parser.js
  kernel-forms.d.ts
  kernel-forms.js
  kernel-mark.d.ts
  kernel-mark.js
  mod.d.ts
  mod.js
  package.json
  reader.d.ts
  reader.js
  reserved-words.d.ts
  reserved-words.js
  surface-ast.d.ts
  surface-ast.js
  surface-helpers.d.ts
  surface-helpers.js
  surface.d.ts
  surface.js
## testing
deno: @lykn/testing 0.6.0
npm: @lykn/testing 0.6.0
files (12):
  .build-stamp
  LICENSE
  README.md
  deno.json
  helpers.d.ts
  helpers.js
  macros.d.ts
  macros.js
  mod.d.ts
  mod.js
  mod.lykn
  package.json
