.cargo_vcs_info.json
Cargo.lock
Cargo.toml
Cargo.toml.orig
embedded/packages/lang/binding.js
embedded/packages/lang/classifier.js
embedded/packages/lang/compiler.js
embedded/packages/lang/deno.json
embedded/packages/lang/deno.lock
embedded/packages/lang/expander.js
embedded/packages/lang/icu-parser.js
embedded/packages/lang/kernel-forms.js
embedded/packages/lang/kernel-mark.js
embedded/packages/lang/mod.js
embedded/packages/lang/reader.js
embedded/packages/lang/reserved-words.js
embedded/packages/lang/surface-ast.js
embedded/packages/lang/surface-helpers.js
embedded/packages/lang/surface.js
src/analysis/func_check.rs
src/analysis/maranget.rs
src/analysis/match_check.rs
src/analysis/mod.rs
src/analysis/pattern.rs
src/analysis/prelude.rs
src/analysis/scope.rs
src/analysis/type_registry.rs
src/ast/mod.rs
src/ast/sexpr.rs
src/ast/surface.rs
src/binding.rs
src/classifier/dispatch.rs
src/classifier/forms.rs
src/classifier/mod.rs
src/codegen/emit.rs
src/codegen/format.rs
src/codegen/icu.rs
src/codegen/mod.rs
src/codegen/names.rs
src/codegen/precedence.rs
src/diagnostics/mod.rs
src/diagnostics/serializer.rs
src/emitter/context.rs
src/emitter/contracts.rs
src/emitter/dts.rs
src/emitter/forms.rs
src/emitter/gensym.rs
src/emitter/json.rs
src/emitter/mod.rs
src/emitter/type_checks.rs
src/error.rs
src/expander/cache.rs
src/expander/deno.rs
src/expander/embedded.rs
src/expander/env.rs
src/expander/mod.rs
src/expander/pass0.rs
src/expander/pass1.rs
src/expander/pass2.rs
src/lib.rs
src/reader/lexer.rs
src/reader/mod.rs
src/reader/parser.rs
src/reader/source_loc.rs
src/resolver.rs
tests/a6_dispatch_conformance.rs
tests/cross_compiler.rs
tests/e2e_tests.rs
tests/icu_cross_compiler_tests.rs
tests/macro_expansion.rs
