.cargo_vcs_info.json
Cargo.lock
Cargo.toml
Cargo.toml.orig
src/add.rs
src/bridge.rs
src/compile.rs
src/config.rs
src/dist.rs
src/doctest.rs
src/formatter.rs
src/lib.rs
src/lint/mod.rs
src/lint/rules.rs
src/lint/snapshots/lykn__lint__tests__lint_json_all_three.snap
src/lint/snapshots/lykn__lint__tests__lint_json_shadowing.snap
src/lint/snapshots/lykn__lint__tests__lint_text_all_three.snap
src/lint/snapshots/lykn__lint__tests__lint_text_no_method_on_expression.snap
src/lint/snapshots/lykn__lint__tests__lint_text_shadowing.snap
src/lint/snapshots/lykn__lint__tests__lint_text_shape_corpus.snap
src/main.rs
src/reader.rs
src/snapshots/lykn_cli__dist__tests__import_rewriter_output.snap
src/snapshots/lykn_cli__dist__tests__macro_module_deno_json.snap
src/snapshots/lykn_cli__dist__tests__macro_module_mod_js_stub.snap
src/snapshots/lykn_cli__dist__tests__macro_module_package_json.snap
src/snapshots/lykn_cli__dist__tests__runtime_pkg_deno_json.snap
src/snapshots/lykn_cli__dist__tests__runtime_pkg_package_json.snap
src/snapshots/lykn_cli__dist__tests__workspace_project_json.snap
src/util.rs
tests/binding_scan_shadows_macros.rs
tests/docs_pattern_gating.rs
tests/fixtures/p11/clean.lykn
tests/fixtures/p11/seeded_test.lykn
tests/lyk_runner_kernel_only.rs
tests/p11_lint_corpus.rs
tests/publishing_build_each_kind.rs
tests/publishing_cross_package.rs
tests/publishing_dry_run.rs
tests/publishing_real_packages.rs
tests/run_permissions.rs
tests/scaffold_runway.rs
tests/source_context_path_routing.rs
