---
source: crates/lykn-cli/src/dist.rs
expression: value
---
{
  "exports": "./mod.js",
  "lint": {
    "rules": {
      "exclude": [
        "no-slow-types"
      ]
    }
  },
  "lykn": {
    "kind": "macro-module",
    "macroEntry": "mod.lykn"
  },
  "name": "@lykn/testing",
  "version": "0.5.0"
}
